src/animations/variants.ts(2,9): error TS1484: 'Variants' is a type and must be imported using a type-only import when 'verbatimModuleSyntax' is enabled.
src/api/client.ts(226,25): error TS2769: No overload matches this call.
  Overload 1 of 2, '(message?: string | undefined, options?: ErrorOptions | undefined): Error', gave the following error.
    Argument of type '{}' is not assignable to parameter of type 'string'.
  Overload 2 of 2, '(message?: string | undefined): Error', gave the following error.
    Argument of type '{}' is not assignable to parameter of type 'string'.
src/api/gameApi.ts(6,5): error TS2305: Module '"../types/api"' has no exported member 'GameMode'.
src/api/websocket.test.ts(148,11): error TS2322: Type 'string' is not assignable to type 'number'.
src/App.tsx(1,8): error TS6133: 'React' is declared but its value is never read.
src/components/admin/AdminDashboard.tsx(11,5): error TS2305: Module '"lucide-react"' has no exported member 'GameController2'.
src/components/animation/AnimatedContainer.tsx(5,15): error TS2305: Module '"@/types/game"' has no exported member 'AnimationProps'.
src/components/animation/AnimatedContainer.tsx(5,31): error TS2305: Module '"@/types/game"' has no exported member 'AnimationType'.
src/components/animation/AnimatedContainer.tsx(84,3): error TS2339: Property 'type' does not exist on type 'AnimatedContainerProps'.
src/components/animation/AnimatedContainer.tsx(85,3): error TS2339: Property 'delay' does not exist on type 'AnimatedContainerProps'.
src/components/animation/AnimatedContainer.tsx(86,3): error TS2339: Property 'duration' does not exist on type 'AnimatedContainerProps'.
src/components/animation/AnimatedContainer.tsx(87,3): error TS2339: Property 'className' does not exist on type 'AnimatedContainerProps'.
src/components/animation/AnimatedContainer.tsx(124,25): error TS2339: Property 'style' does not exist on type '{}'.
src/components/animation/AnimatedContainer.tsx(146,22): error TS2322: Type '{ children: ReactNode; stagger?: boolean | undefined; staggerDelay?: number | undefined; type: string; }' is not assignable to type 'IntrinsicAttributes & AnimatedContainerProps'.
  Property 'type' does not exist on type 'IntrinsicAttributes & AnimatedContainerProps'.
src/components/animation/AnimatedContainer.tsx(150,22): error TS2322: Type '{ children: ReactNode; stagger?: boolean | undefined; staggerDelay?: number | undefined; type: string; }' is not assignable to type 'IntrinsicAttributes & AnimatedContainerProps'.
  Property 'type' does not exist on type 'IntrinsicAttributes & AnimatedContainerProps'.
src/components/animation/AnimatedContainer.tsx(154,22): error TS2322: Type '{ children: ReactNode; stagger?: boolean | undefined; staggerDelay?: number | undefined; type: string; }' is not assignable to type 'IntrinsicAttributes & AnimatedContainerProps'.
  Property 'type' does not exist on type 'IntrinsicAttributes & AnimatedContainerProps'.
src/components/animation/AnimatedContainer.tsx(158,22): error TS2322: Type '{ children: ReactNode; stagger?: boolean | undefined; staggerDelay?: number | undefined; type: string; }' is not assignable to type 'IntrinsicAttributes & AnimatedContainerProps'.
  Property 'type' does not exist on type 'IntrinsicAttributes & AnimatedContainerProps'.
src/components/animation/AnimatedContainer.tsx(162,22): error TS2322: Type '{ children: ReactNode; stagger?: boolean | undefined; staggerDelay?: number | undefined; type: string; }' is not assignable to type 'IntrinsicAttributes & AnimatedContainerProps'.
  Property 'type' does not exist on type 'IntrinsicAttributes & AnimatedContainerProps'.
src/components/animation/AnimatedContainer.tsx(166,22): error TS2322: Type '{ children: ReactNode; stagger?: boolean | undefined; staggerDelay?: number | undefined; type: string; }' is not assignable to type 'IntrinsicAttributes & AnimatedContainerProps'.
  Property 'type' does not exist on type 'IntrinsicAttributes & AnimatedContainerProps'.
src/components/animations/PageTransition.tsx(3,9): error TS2305: Module '"@/animations/variants"' has no exported member 'pageSlide'.
src/components/animations/ScoreAnimation.tsx(3,9): error TS2305: Module '"@/animations/variants"' has no exported member 'scoreUpdate'.
src/components/common/LazyWrapper.tsx(66,8): error TS2769: No overload matches this call.
  Overload 1 of 2, '(props: P, context?: any): string | number | bigint | boolean | ReactElement<unknown, string | JSXElementConstructor<any>> | Iterable<ReactNode> | Promise<...> | Component<...> | null | undefined', gave the following error.
    Type 'PropsWithoutRef<P> & { ref: ForwardedRef<any>; }' is not assignable to type 'IntrinsicAttributes & P'.
      Type 'PropsWithoutRef<P> & { ref: ForwardedRef<any>; }' is not assignable to type 'P'.
        'PropsWithoutRef<P> & { ref: ForwardedRef<any>; }' is assignable to the constraint of type 'P', but 'P' could be instantiated with a different subtype of constraint 'object'.
  Overload 2 of 2, '(props: P): string | number | bigint | boolean | ReactElement<unknown, string | JSXElementConstructor<any>> | Iterable<ReactNode> | Promise<...> | Component<...> | null | undefined', gave the following error.
    Type 'PropsWithoutRef<P> & { ref: ForwardedRef<any>; }' is not assignable to type 'IntrinsicAttributes & P'.
      Type 'PropsWithoutRef<P> & { ref: ForwardedRef<any>; }' is not assignable to type 'P'.
        'PropsWithoutRef<P> & { ref: ForwardedRef<any>; }' is assignable to the constraint of type 'P', but 'P' could be instantiated with a different subtype of constraint 'object'.
src/components/error/ErrorBoundary.tsx(1,27): error TS1484: 'ErrorInfo' is a type and must be imported using a type-only import when 'verbatimModuleSyntax' is enabled.
src/components/error/ErrorBoundary.tsx(1,38): error TS1484: 'ReactNode' is a type and must be imported using a type-only import when 'verbatimModuleSyntax' is enabled.
src/components/game/ChatBox/ChatBox.tsx(13,14): error TS2305: Module '"../../../types/realtime"' has no exported member 'ChatMessage'.
src/components/game/DefensePhase.tsx(8,14): error TS2305: Module '"@/stores"' has no exported member 'Player'.
src/components/game/GameActionInterface.tsx(20,14): error TS2305: Module '"@/stores"' has no exported member 'GamePhase'.
src/components/game/GameActionInterface.tsx(20,25): error TS2305: Module '"@/stores"' has no exported member 'Player'.
src/components/game/GameChat.tsx(11,14): error TS2305: Module '"@/stores"' has no exported member 'Player'.
src/components/game/GameChat.tsx(52,60): error TS2339: Property 'gameId' does not exist on type 'ChatMessage'.
src/components/game/GameChat.tsx(52,90): error TS2339: Property 'gameId' does not exist on type 'ChatMessage'.
src/components/game/GameChat.tsx(53,61): error TS2339: Property 'playerName' does not exist on type 'ChatMessage'.
src/components/game/GameChat.tsx(54,53): error TS2339: Property 'message' does not exist on type 'ChatMessage'.
src/components/game/GameChat.tsx(150,30): error TS2304: Cannot find name 'getPlayerByUserId'.
src/components/game/GameChat.tsx(150,52): error TS2339: Property 'userId' does not exist on type 'ChatMessage'.
src/components/game/GameChat.tsx(151,58): error TS2339: Property 'userId' does not exist on type 'ChatMessage'.
src/components/game/GameChat.tsx(182,64): error TS2339: Property 'userId' does not exist on type 'ChatMessage'.
src/components/game/GameChat.tsx(184,30): error TS2367: This comparison appears to be unintentional because the types '"HINT" | "DISCUSSION" | "DEFENSE" | "POST_ROUND" | "SYSTEM"' and '"GENERAL"' have no overlap.
src/components/game/GameFlowManager.tsx(138,11): error TS2554: Expected 2 arguments, but got 1.
src/components/game/GameFlowManager.tsx(226,11): error TS2322: Type '{ gamePhase: "WAITING_FOR_PLAYERS" | "SPEECH" | "VOTING_FOR_LIAR" | "DEFENDING" | "VOTING_FOR_SURVIVAL" | "GUESSING_WORD" | "GAME_OVER"; timeRemaining: number; maxTime: any; currentRound: number; totalRounds: number; playerCount: number; readyCount: number; votedCount: number; }' is not assignable to type 'IntrinsicAttributes & GamePhaseIndicatorProps'.
  Property 'gamePhase' does not exist on type 'IntrinsicAttributes & GamePhaseIndicatorProps'.
src/components/game/GameFlowManager.tsx(228,26): error TS2339: Property 'maxTime' does not exist on type 'GameTimer'.
src/components/game/GameFlowManager.tsx(241,15): error TS2322: Type 'import("D:/workspaces/kotlin_liargame/frontend/src/stores/unifiedGameStore").Player[]' is not assignable to type 'import("D:/workspaces/kotlin_liargame/frontend/src/types/game").Player[]'.
  Type 'import("D:/workspaces/kotlin_liargame/frontend/src/stores/unifiedGameStore").Player' is not assignable to type 'import("D:/workspaces/kotlin_liargame/frontend/src/types/game").Player'.
    Types of property 'role' are incompatible.
      Type '"civilian" | "liar" | undefined' is not assignable to type '"CITIZEN" | "LIAR" | undefined'.
        Type '"civilian"' is not assignable to type '"CITIZEN" | "LIAR" | undefined'.
src/components/game/GameFlowManager.tsx(243,15): error TS2322: Type 'string | undefined' is not assignable to type 'string | null'.
  Type 'undefined' is not assignable to type 'string | null'.
src/components/game/GameFlowManager.tsx(246,15): error TS2322: Type 'string | null' is not assignable to type 'string | undefined'.
  Type 'null' is not assignable to type 'string | undefined'.
src/components/game/GameFlowManager.tsx(257,15): error TS2322: Type 'boolean | null' is not assignable to type 'boolean'.
  Type 'null' is not assignable to type 'boolean'.
src/components/game/GameFlowManager.tsx(260,15): error TS2322: Type '(playerId: number) => Promise<void>' is not assignable to type '(playerId: string) => Promise<void>'.
  Types of parameters 'playerId' and 'playerId' are incompatible.
    Type 'string' is not assignable to type 'number'.
src/components/game/GameFlowManager.tsx(266,15): error TS2322: Type 'string | null' is not assignable to type 'string | undefined'.
  Type 'null' is not assignable to type 'string | undefined'.
src/components/game/GameFlowManager.tsx(267,15): error TS2322: Type 'string | null' is not assignable to type 'string | undefined'.
  Type 'null' is not assignable to type 'string | undefined'.
src/components/game/GameFlowManager.tsx(287,14): error TS2741: Property 'currentPlayer' is missing in type '{ players: Player[]; gamePhase: "WAITING_FOR_PLAYERS" | "SPEECH" | "VOTING_FOR_LIAR" | "DEFENDING" | "VOTING_FOR_SURVIVAL" | "GUESSING_WORD" | "GAME_OVER"; }' but required in type 'GameChatProps'.
src/components/game/GameResults.tsx(50,48): error TS2339: Property 'isWinner' does not exist on type '{ id: number; nickname: string; role: "CITIZEN" | "LIAR"; isAlive: boolean; }'.
src/components/game/GameResults.tsx(51,48): error TS2339: Property 'isWinner' does not exist on type '{ id: number; nickname: string; role: "CITIZEN" | "LIAR"; isAlive: boolean; }'.
src/components/game/GameResults.tsx(71,21): error TS2339: Property 'reason' does not exist on type 'GameResult'.
src/components/game/GameResults.tsx(104,72): error TS2339: Property 'score' does not exist on type '{ id: number; nickname: string; role: "CITIZEN" | "LIAR"; isAlive: boolean; }'.
src/components/game/GameResults.tsx(139,69): error TS2339: Property 'score' does not exist on type '{ id: number; nickname: string; role: "CITIZEN" | "LIAR"; isAlive: boolean; }'.
src/components/game/GameResults.tsx(161,25): error TS2339: Property 'gameStatistics' does not exist on type 'GameResult'.
src/components/game/GameResults.tsx(167,25): error TS2339: Property 'gameStatistics' does not exist on type 'GameResult'.
src/components/game/GameResults.tsx(173,40): error TS2339: Property 'gameStatistics' does not exist on type 'GameResult'.
src/components/game/GameResults.tsx(179,40): error TS2339: Property 'gameStatistics' does not exist on type 'GameResult'.
src/components/game/GameTimer/GameTimer.tsx(30,5): error TS2339: Property 'connectionState' does not exist on type 'UnifiedGameStore'.
src/components/game/GuessPhase.tsx(8,14): error TS2305: Module '"@/stores"' has no exported member 'Player'.
src/components/game/ModeratorCommentary.tsx(6,14): error TS2305: Module '"@/stores"' has no exported member 'GamePhase'.
src/components/game/PlayerCard.tsx(36,28): error TS2339: Property 'role' does not exist on type 'FrontendPlayer'.
src/components/game/PlayerList.tsx(100,13): error TS2322: Type '{ hidden: { opacity: number; y: number; scale: number; }; visible: { opacity: number; y: number; scale: number; transition: { duration: number; ease: string; }; }; exit: { opacity: number; scale: number; transition: { ...; }; }; }' is not assignable to type 'Variants'.
  Property 'visible' is incompatible with index signature.
    Type '{ opacity: number; y: number; scale: number; transition: { duration: number; ease: string; }; }' is not assignable to type 'Variant'.
      Type '{ opacity: number; y: number; scale: number; transition: { duration: number; ease: string; }; }' is not assignable to type 'TargetAndTransition'.
        Type '{ opacity: number; y: number; scale: number; transition: { duration: number; ease: string; }; }' is not assignable to type '{ transition?: Transition<any> | undefined; transitionEnd?: ResolvedValues | undefined; }'.
          Types of property 'transition' are incompatible.
            Type '{ duration: number; ease: string; }' is not assignable to type 'Transition<any> | undefined'.
              Type '{ duration: number; ease: string; }' is not assignable to type 'TransitionWithValueOverrides<any>'.
                Type '{ duration: number; ease: string; }' is not assignable to type 'ValueAnimationTransition<any>'.
                  Types of property 'ease' are incompatible.
                    Type 'string' is not assignable to type 'Easing | Easing[] | undefined'.
src/components/game/PlayerStatusPanel.tsx(35,9): error TS2367: This comparison appears to be unintentional because the types 'GamePhase' and '"WAITING"' have no overlap.
src/components/game/RoundIndicator/RoundIndicator.tsx(8,25): error TS2305: Module '"@/types/game"' has no exported member 'RoundInfo'.
src/components/game/RoundIndicator/RoundIndicator.tsx(76,29): error TS2339: Property 'phase' does not exist on type 'GamePhase'.
src/components/game/RoundIndicator/RoundIndicator.tsx(79,20): error TS2339: Property 'phase' does not exist on type 'GamePhase'.
src/components/game/RoundIndicator/RoundIndicator.tsx(86,18): error TS7053: Element implicitly has an 'any' type because expression of type 'any' can't be used to index type '{ waiting: { label: string; description: string; icon: ForwardRefExoticComponent<Omit<LucideProps, "ref"> & RefAttributes<SVGSVGElement>>; color: string; bgColor: string; borderColor: string; step: number; }; ... 4 more ...; finished: { ...; }; }'.
src/components/game/RoundIndicator/RoundIndicator.tsx(170,30): error TS7053: Element implicitly has an 'any' type because expression of type 'any' can't be used to index type '{ waiting: { label: string; description: string; icon: ForwardRefExoticComponent<Omit<LucideProps, "ref"> & RefAttributes<SVGSVGElement>>; color: string; bgColor: string; borderColor: string; step: number; }; ... 4 more ...; finished: { ...; }; }'.
src/components/game/RoundIndicator/RoundIndicator.tsx(173,23): error TS7053: Element implicitly has an 'any' type because expression of type 'any' can't be used to index type '{ waiting: { label: string; description: string; icon: ForwardRefExoticComponent<Omit<LucideProps, "ref"> & RefAttributes<SVGSVGElement>>; color: string; bgColor: string; borderColor: string; step: number; }; ... 4 more ...; finished: { ...; }; }'.
src/components/game/RoundIndicator/RoundIndicator.tsx(318,32): error TS7053: Element implicitly has an 'any' type because expression of type 'any' can't be used to index type '{ waiting: { label: string; description: string; icon: ForwardRefExoticComponent<Omit<LucideProps, "ref"> & RefAttributes<SVGSVGElement>>; color: string; bgColor: string; borderColor: string; step: number; }; ... 4 more ...; finished: { ...; }; }'.
src/components/game/RoundIndicator/RoundIndicator.tsx(364,48): error TS2339: Property 'phase' does not exist on type 'GamePhase'.
src/components/game/ScoreBoard/ScoreBoard.tsx(210,31): error TS2339: Property 'topic' does not exist on type 'GameResults'.
src/components/game/ScoreBoard/ScoreBoard.tsx(218,30): error TS2339: Property 'liarName' does not exist on type 'GameResults'.
src/components/game/ScoreBoard/ScoreBoard.tsx(222,29): error TS2339: Property 'liarWon' does not exist on type 'GameResults'.
src/components/game/ScoreBoard/ScoreBoard.tsx(226,30): error TS2339: Property 'liarWon' does not exist on type 'GameResults'.
src/components/game/ScoreBoard/ScoreBoard.tsx(232,28): error TS2339: Property 'votes' does not exist on type 'GameResults'.
src/components/game/ScoreBoard/ScoreBoard.tsx(233,24): error TS7006: Parameter 'a' implicitly has an 'any' type.
src/components/game/ScoreBoard/ScoreBoard.tsx(233,27): error TS7006: Parameter 'b' implicitly has an 'any' type.
src/components/game/ScoreBoard/ScoreBoard.tsx(234,23): error TS7006: Parameter 'vote' implicitly has an 'any' type.
src/components/game/ScoreBoard/ScoreBoard.tsx(234,29): error TS7006: Parameter 'index' implicitly has an 'any' type.
src/components/game/ScoreBoard/ScoreBoard.tsx(242,53): error TS2339: Property 'liarId' does not exist on type 'GameResults'.
src/components/game/ScoreBoard/ScoreBoard.tsx(282,51): error TS2339: Property 'score' does not exist on type 'Player'.
src/components/game/ScoreBoard/ScoreBoard.tsx(362,38): error TS2339: Property 'liarId' does not exist on type 'GameResults'.
src/components/game/ScoreBoard/ScoreBoard.tsx(363,37): error TS2339: Property 'votes' does not exist on type 'GameResults'.
src/components/game/ScoreBoard/ScoreBoard.tsx(363,48): error TS7006: Parameter 'v' implicitly has an 'any' type.
src/components/game/VotingPanel/VotingPanel.tsx(220,15): error TS2741: Property 'isReady' is missing in type 'import("D:/workspaces/kotlin_liargame/frontend/src/types/game").Player' but required in type 'import("D:/workspaces/kotlin_liargame/frontend/src/versions/main/components/PlayerCard").Player'.
src/components/game/VotingPanel/VotingPanel.tsx(246,36): error TS2339: Property 'hasVoted' does not exist on type 'Player'.
src/components/game/VotingPanel/VotingPanel.tsx(300,11): error TS2741: Property 'isReady' is missing in type 'import("D:/workspaces/kotlin_liargame/frontend/src/types/game").Player' but required in type 'import("D:/workspaces/kotlin_liargame/frontend/src/versions/main/components/PlayerCard").Player'.
src/components/game/VotingPanel/VotingPanel.tsx(341,15): error TS2741: Property 'isReady' is missing in type 'import("D:/workspaces/kotlin_liargame/frontend/src/types/game").Player' but required in type 'import("D:/workspaces/kotlin_liargame/frontend/src/versions/main/components/PlayerCard").Player'.
src/components/game/VotingPhase.tsx(7,14): error TS2305: Module '"@/stores"' has no exported member 'Player'.
src/components/gameV2/__tests__/ActivityFeedV2.test.tsx(1,1): error TS6133: 'React' is declared but its value is never read.
src/components/gameV2/__tests__/ActivityFeedV2.test.tsx(8,1): error TS2304: Cannot find name 'vi'.
src/components/gameV2/__tests__/ActivityFeedV2.test.tsx(13,5): error TS2304: Cannot find name 'vi'.
src/components/gameV2/__tests__/ActivityFeedV2.test.tsx(18,5): error TS2304: Cannot find name 'vi'.
src/components/gameV2/__tests__/ActivityFeedV2.test.tsx(49,5): error TS2304: Cannot find name 'vi'.
src/components/gameV2/__tests__/ActivityFeedV2.test.tsx(74,5): error TS2304: Cannot find name 'vi'.
src/components/gameV2/ActivityFeedV2.tsx(1,8): error TS6133: 'React' is declared but its value is never read.
src/components/gameV2/ActivityFeedV2.tsx(8,47): error TS2503: Cannot find namespace 'JSX'.
src/components/gameV2/GameFlowManager.tsx(32,40): error TS2322: Type '(playerId: string, text: string) => void' is not assignable to type '(text: string) => void'.
  Target signature provides too few arguments. Expected 2 or more, but got 1.
src/components/gameV2/GameFlowManager.tsx(33,71): error TS2322: Type '(voterId: string, targetId: string) => void' is not assignable to type '(id: string) => void'.
  Target signature provides too few arguments. Expected 2 or more, but got 1.
src/components/gameV2/phases/DefensePhase.tsx(23,98): error TS2554: Expected 2 arguments, but got 1.
src/components/gameV2/phases/GuessPhase.tsx(10,101): error TS2554: Expected 2 arguments, but got 1.
src/components/gameV2/phases/ResultsPhase.tsx(1,1): error TS6133: 'React' is declared but its value is never read.
src/components/gameV2/phases/SurvivalVotePhase.tsx(1,1): error TS6133: 'React' is declared but its value is never read.
src/components/gameV2/phases/SurvivalVotePhase.tsx(18,33): error TS2554: Expected 2 arguments, but got 1.
src/components/gameV2/phases/VotingPhase.tsx(1,1): error TS6133: 'React' is declared but its value is never read.
src/components/gameV2/phases/WaitingPhase.tsx(1,1): error TS6133: 'React' is declared but its value is never read.
src/components/gameV2/ScoreBoardV2.tsx(1,1): error TS6133: 'React' is declared but its value is never read.
src/components/gameV2/TimerWarning.tsx(1,1): error TS6133: 'React' is declared but its value is never read.
src/components/lobby/GameRoomsSection.tsx(71,38): error TS2448: Block-scoped variable 'fetchSubjects' used before its declaration.
src/components/lobby/GameRoomsSection.tsx(71,38): error TS2454: Variable 'fetchSubjects' is used before being assigned.
src/components/lobby/LobbyPage.tsx(31,11): error TS2339: Property 'user' does not exist on type 'AuthState'.
src/components/lobby/LobbyPage.tsx(100,39): error TS2345: Argument of type '{ hostNickname: any; gameName: string; gameMode: any; maxPlayers: number; timeLimit: number; totalRounds: number; isPrivate: boolean; password: string | undefined; }' is not assignable to parameter of type 'CreateGameRequest'.
  Type '{ hostNickname: any; gameName: string; gameMode: any; maxPlayers: number; timeLimit: number; totalRounds: number; isPrivate: boolean; password: string | undefined; }' is missing the following properties from type 'CreateGameRequest': gameParticipants, gameLiarCount, gameTotalRounds, targetPoints
src/components/lobby/LobbyPage.tsx(296,35): error TS2339: Property 'id' does not exist on type 'GameRoomInfo'.
src/components/lobby/LobbyPage.tsx(302,49): error TS2345: Argument of type 'string | undefined' is not assignable to parameter of type 'string'.
  Type 'undefined' is not assignable to type 'string'.
src/components/lobby/LobbyPage.tsx(309,49): error TS2339: Property 'hostName' does not exist on type 'GameRoomInfo'.
src/components/lobby/LobbyPage.tsx(317,59): error TS2339: Property 'timeLimit' does not exist on type 'GameRoomInfo'.
src/components/lobby/LobbyPage.tsx(323,60): error TS2339: Property 'totalRounds' does not exist on type 'GameRoomInfo'.
src/components/mobile/SwipeContainer.tsx(27,10): error TS2783: 'ref' is specified more than once, so this usage will be overwritten.
src/contexts/ModalContext.tsx(1,67): error TS1484: 'ReactNode' is a type and must be imported using a type-only import when 'verbatimModuleSyntax' is enabled.
src/hooks/useAnimations.ts(2,9): error TS2305: Module '"@/animations/variants"' has no exported member 'animationVariants'.
src/hooks/useGameFlow.ts(65,9): error TS2554: Expected 4 arguments, but got 2.
src/hooks/useGameQueries.ts(67,13): error TS2353: Object literal may only specify known properties, and 'isOnline' does not exist in type 'Player'.
src/hooks/useGameQueries.ts(80,55): error TS2554: Expected 0 arguments, but got 1.
src/hooks/useGameQueries.ts(115,20): error TS2345: Argument of type 'string' is not assignable to parameter of type 'number'.
src/hooks/useGameQueries.ts(116,17): error TS6133: 'data' is declared but its value is never read.
src/hooks/useGameState.ts(2,9): error TS1484: 'GamePhase' is a type and must be imported using a type-only import when 'verbatimModuleSyntax' is enabled.
src/hooks/useGameState.ts(14,10): error TS1205: Re-exporting a type when 'verbatimModuleSyntax' is enabled requires using 'export type'.
src/hooks/useRealtime.ts(14,5): error TS2769: No overload matches this call.
  Overload 1 of 3, '(options: DefinedInitialDataOptions<PlayerReadyResponse[], Error, PlayerReadyResponse[], readonly unknown[]>, queryClient?: QueryClient | undefined): DefinedUseQueryResult<...>', gave the following error.
    Type '() => Promise<PlayerReadyResponse[]>' is not assignable to type 'QueryFunction<PlayerReadyResponse[], readonly unknown[]>'.
      Type 'Promise<PlayerReadyResponse[]>' is not assignable to type 'PlayerReadyResponse[] | Promise<PlayerReadyResponse[]>'.
        Type 'Promise<import("D:/workspaces/kotlin_liargame/frontend/src/types/api").PlayerReadyResponse[]>' is not assignable to type 'Promise<import("D:/workspaces/kotlin_liargame/frontend/src/types/realtime").PlayerReadyResponse[]>'.
          Type 'import("D:/workspaces/kotlin_liargame/frontend/src/types/api").PlayerReadyResponse[]' is not assignable to type 'import("D:/workspaces/kotlin_liargame/frontend/src/types/realtime").PlayerReadyResponse[]'.
            Property 'isOwner' is missing in type 'import("D:/workspaces/kotlin_liargame/frontend/src/types/api").PlayerReadyResponse' but required in type 'import("D:/workspaces/kotlin_liargame/frontend/src/types/realtime").PlayerReadyResponse'.
  Overload 2 of 3, '(options: UndefinedInitialDataOptions<PlayerReadyResponse[], Error, PlayerReadyResponse[], readonly unknown[]>, queryClient?: QueryClient | undefined): UseQueryResult<...>', gave the following error.
    Type '() => Promise<PlayerReadyResponse[]>' is not assignable to type 'unique symbol | QueryFunction<PlayerReadyResponse[], readonly unknown[], never> | undefined'.
      Type '() => Promise<PlayerReadyResponse[]>' is not assignable to type 'QueryFunction<PlayerReadyResponse[], readonly unknown[], never>'.
        Type 'Promise<PlayerReadyResponse[]>' is not assignable to type 'PlayerReadyResponse[] | Promise<PlayerReadyResponse[]>'.
          Type 'Promise<import("D:/workspaces/kotlin_liargame/frontend/src/types/api").PlayerReadyResponse[]>' is not assignable to type 'Promise<import("D:/workspaces/kotlin_liargame/frontend/src/types/realtime").PlayerReadyResponse[]>'.
            Type 'import("D:/workspaces/kotlin_liargame/frontend/src/types/api").PlayerReadyResponse[]' is not assignable to type 'import("D:/workspaces/kotlin_liargame/frontend/src/types/realtime").PlayerReadyResponse[]'.
              Property 'isOwner' is missing in type 'import("D:/workspaces/kotlin_liargame/frontend/src/types/api").PlayerReadyResponse' but required in type 'import("D:/workspaces/kotlin_liargame/frontend/src/types/realtime").PlayerReadyResponse'.
  Overload 3 of 3, '(options: UseQueryOptions<PlayerReadyResponse[], Error, PlayerReadyResponse[], readonly unknown[]>, queryClient?: QueryClient | undefined): UseQueryResult<...>', gave the following error.
    Type '() => Promise<PlayerReadyResponse[]>' is not assignable to type 'unique symbol | QueryFunction<PlayerReadyResponse[], readonly unknown[], never> | undefined'.
      Type '() => Promise<PlayerReadyResponse[]>' is not assignable to type 'QueryFunction<PlayerReadyResponse[], readonly unknown[], never>'.
        Type 'Promise<PlayerReadyResponse[]>' is not assignable to type 'PlayerReadyResponse[] | Promise<PlayerReadyResponse[]>'.
          Type 'Promise<import("D:/workspaces/kotlin_liargame/frontend/src/types/api").PlayerReadyResponse[]>' is not assignable to type 'Promise<import("D:/workspaces/kotlin_liargame/frontend/src/types/realtime").PlayerReadyResponse[]>'.
            Type 'import("D:/workspaces/kotlin_liargame/frontend/src/types/api").PlayerReadyResponse[]' is not assignable to type 'import("D:/workspaces/kotlin_liargame/frontend/src/types/realtime").PlayerReadyResponse[]'.
              Property 'isOwner' is missing in type 'import("D:/workspaces/kotlin_liargame/frontend/src/types/api").PlayerReadyResponse' but required in type 'import("D:/workspaces/kotlin_liargame/frontend/src/types/realtime").PlayerReadyResponse'.
src/hooks/useRealtime.ts(23,5): error TS2769: No overload matches this call.
  Overload 1 of 3, '(options: DefinedInitialDataOptions<CountdownResponse, Error, CountdownResponse, readonly unknown[]>, queryClient?: QueryClient | undefined): DefinedUseQueryResult<...>', gave the following error.
    Type '() => Promise<CountdownResponse | null>' is not assignable to type 'QueryFunction<CountdownResponse, readonly unknown[]>'.
      Type 'Promise<CountdownResponse | null>' is not assignable to type 'CountdownResponse | Promise<CountdownResponse>'.
        Type 'Promise<CountdownResponse | null>' is not assignable to type 'Promise<CountdownResponse>'.
          Type 'CountdownResponse | null' is not assignable to type 'CountdownResponse'.
            Type 'null' is not assignable to type 'CountdownResponse'.
  Overload 2 of 3, '(options: UndefinedInitialDataOptions<CountdownResponse, Error, CountdownResponse, readonly unknown[]>, queryClient?: QueryClient | undefined): UseQueryResult<...>', gave the following error.
    Type '() => Promise<CountdownResponse | null>' is not assignable to type 'unique symbol | QueryFunction<CountdownResponse, readonly unknown[], never> | undefined'.
      Type '() => Promise<CountdownResponse | null>' is not assignable to type 'QueryFunction<CountdownResponse, readonly unknown[], never>'.
        Type 'Promise<CountdownResponse | null>' is not assignable to type 'CountdownResponse | Promise<CountdownResponse>'.
          Type 'Promise<CountdownResponse | null>' is not assignable to type 'Promise<CountdownResponse>'.
            Type 'CountdownResponse | null' is not assignable to type 'CountdownResponse'.
              Type 'null' is not assignable to type 'CountdownResponse'.
  Overload 3 of 3, '(options: UseQueryOptions<CountdownResponse, Error, CountdownResponse, readonly unknown[]>, queryClient?: QueryClient | undefined): UseQueryResult<...>', gave the following error.
    Type '() => Promise<CountdownResponse | null>' is not assignable to type 'unique symbol | QueryFunction<CountdownResponse, readonly unknown[], never> | undefined'.
      Type '() => Promise<CountdownResponse | null>' is not assignable to type 'QueryFunction<CountdownResponse, readonly unknown[], never>'.
        Type 'Promise<CountdownResponse | null>' is not assignable to type 'CountdownResponse | Promise<CountdownResponse>'.
          Type 'Promise<CountdownResponse | null>' is not assignable to type 'Promise<CountdownResponse>'.
            Type 'CountdownResponse | null' is not assignable to type 'CountdownResponse'.
              Type 'null' is not assignable to type 'CountdownResponse'.
src/hooks/useRealtime.ts(41,5): error TS2769: No overload matches this call.
  Overload 1 of 3, '(options: DefinedInitialDataOptions<VotingStatusResponse, Error, VotingStatusResponse, readonly unknown[]>, queryClient?: QueryClient | undefined): DefinedUseQueryResult<...>', gave the following error.
    Type '() => Promise<VotingStatusResponse>' is not assignable to type 'QueryFunction<VotingStatusResponse, readonly unknown[]>'.
      Type 'Promise<VotingStatusResponse>' is not assignable to type 'VotingStatusResponse | Promise<VotingStatusResponse>'.
        Type 'Promise<import("D:/workspaces/kotlin_liargame/frontend/src/types/api").VotingStatusResponse>' is not assignable to type 'Promise<import("D:/workspaces/kotlin_liargame/frontend/src/types/realtime").VotingStatusResponse>'.
          Type 'VotingStatusResponse' is missing the following properties from type 'VotingStatusResponse': votingPhase, activePlayersCount, playerVotes
  Overload 2 of 3, '(options: UndefinedInitialDataOptions<VotingStatusResponse, Error, VotingStatusResponse, readonly unknown[]>, queryClient?: QueryClient | undefined): UseQueryResult<...>', gave the following error.
    Type '() => Promise<VotingStatusResponse>' is not assignable to type 'unique symbol | QueryFunction<VotingStatusResponse, readonly unknown[], never> | undefined'.
      Type '() => Promise<VotingStatusResponse>' is not assignable to type 'QueryFunction<VotingStatusResponse, readonly unknown[], never>'.
        Type 'Promise<VotingStatusResponse>' is not assignable to type 'VotingStatusResponse | Promise<VotingStatusResponse>'.
          Type 'Promise<import("D:/workspaces/kotlin_liargame/frontend/src/types/api").VotingStatusResponse>' is not assignable to type 'Promise<import("D:/workspaces/kotlin_liargame/frontend/src/types/realtime").VotingStatusResponse>'.
            Type 'VotingStatusResponse' is missing the following properties from type 'VotingStatusResponse': votingPhase, activePlayersCount, playerVotes
  Overload 3 of 3, '(options: UseQueryOptions<VotingStatusResponse, Error, VotingStatusResponse, readonly unknown[]>, queryClient?: QueryClient | undefined): UseQueryResult<...>', gave the following error.
    Type '() => Promise<VotingStatusResponse>' is not assignable to type 'unique symbol | QueryFunction<VotingStatusResponse, readonly unknown[], never> | undefined'.
      Type '() => Promise<VotingStatusResponse>' is not assignable to type 'QueryFunction<VotingStatusResponse, readonly unknown[], never>'.
        Type 'Promise<VotingStatusResponse>' is not assignable to type 'VotingStatusResponse | Promise<VotingStatusResponse>'.
          Type 'Promise<import("D:/workspaces/kotlin_liargame/frontend/src/types/api").VotingStatusResponse>' is not assignable to type 'Promise<import("D:/workspaces/kotlin_liargame/frontend/src/types/realtime").VotingStatusResponse>'.
            Type 'VotingStatusResponse' is missing the following properties from type 'VotingStatusResponse': votingPhase, activePlayersCount, playerVotes
src/hooks/useRealtimeGameStatus.ts(49,17): error TS2345: Argument of type '(prev: RealtimeGameStatus) => { readyPlayers: PlayerReadyResponse[]; countdown: CountdownResponse | null; connectionStatus: any; votingStatus: VotingStatusResponse | null; gameEnd: GameEndResponse | null; isConnected: boolean; connectionState: string; }' is not assignable to parameter of type 'SetStateAction<RealtimeGameStatus>'.
  Type '(prev: RealtimeGameStatus) => { readyPlayers: PlayerReadyResponse[]; countdown: CountdownResponse | null; connectionStatus: any; votingStatus: VotingStatusResponse | null; gameEnd: GameEndResponse | null; isConnected: boolean; connectionState: string; }' is not assignable to type '(prevState: RealtimeGameStatus) => RealtimeGameStatus'.
    Call signature return types '{ readyPlayers: PlayerReadyResponse[]; countdown: CountdownResponse | null; connectionStatus: any; votingStatus: VotingStatusResponse | null; gameEnd: GameEndResponse | null; isConnected: boolean; connectionState: string; }' and 'RealtimeGameStatus' are incompatible.
      The types of 'readyPlayers' are incompatible between these types.
        Type 'import("D:/workspaces/kotlin_liargame/frontend/src/types/api").PlayerReadyResponse[]' is not assignable to type 'import("D:/workspaces/kotlin_liargame/frontend/src/types/realtime").PlayerReadyResponse[]'.
          Property 'isOwner' is missing in type 'import("D:/workspaces/kotlin_liargame/frontend/src/types/api").PlayerReadyResponse' but required in type 'import("D:/workspaces/kotlin_liargame/frontend/src/types/realtime").PlayerReadyResponse'.
src/hooks/useRealtimeOptimization.ts(104,63): error TS2551: Property 'connectionState' does not exist on type 'UnifiedGameStore'. Did you mean 'setConnectionState'?
src/hooks/useRealtimeOptimization.ts(163,50): error TS2339: Property 'isOnline' does not exist on type 'Player'.
src/hooks/useRealtimeOptimization.ts(194,49): error TS2339: Property 'isOnline' does not exist on type 'Player'.
src/hooks/useScoring.ts(10,3): error TS2322: Type '{ score: number; id: string; nickname: string; isHost: boolean; isReady: boolean; isConnected: boolean; isAlive: boolean; role?: "civilian" | "liar" | undefined; votedFor?: string | undefined; hasVoted?: boolean | undefined; }[]' is not assignable to type 'ScoredPlayer[]'.
  Type '{ score: number; id: string; nickname: string; isHost: boolean; isReady: boolean; isConnected: boolean; isAlive: boolean; role?: "civilian" | "liar"; votedFor?: string; hasVoted?: boolean; }' is not assignable to type 'ScoredPlayer'.
    Types of property 'role' are incompatible.
      Type '"civilian" | "liar" | undefined' is not assignable to type '"CITIZEN" | "LIAR" | undefined'.
        Type '"civilian"' is not assignable to type '"CITIZEN" | "LIAR" | undefined'.
src/hooks/useWebSocketConnection.ts(16,5): error TS2339: Property 'handleGameStateUpdate' does not exist on type 'UnifiedGameStore'.
src/hooks/useWebSocketConnection.ts(30,5): error TS2339: Property 'connectionState' does not exist on type 'UnifiedGameStore'.
src/hooks/useWebSocketConnection.ts(81,26): error TS2345: Argument of type 'string' is not assignable to parameter of type 'boolean'.
  Type 'string' is not assignable to type 'boolean'.
src/hooks/useWebSocketConnection.ts(93,26): error TS2345: Argument of type 'string' is not assignable to parameter of type 'boolean'.
src/hooks/useWebSocketConnection.ts(106,26): error TS2345: Argument of type 'string' is not assignable to parameter of type 'boolean'.
src/hooks/useWebSocketConnection.ts(117,26): error TS2345: Argument of type 'string' is not assignable to parameter of type 'boolean'.
src/hooks/useWebSocketConnection.ts(141,9): error TS2353: Object literal may only specify known properties, and 'isOnline' does not exist in type 'Player'.
src/hooks/useWebSocketConnection.ts(264,58): error TS2339: Property 'playerName' does not exist on type 'ChatMessage'.
src/hooks/useWebSocketConnection.ts(264,75): error TS2339: Property 'content' does not exist on type 'ChatMessage'.
src/services/__tests__/unifiedWebSocketService.test.ts(1,54): error TS1484: 'MockedFunction' is a type and must be imported using a type-only import when 'verbatimModuleSyntax' is enabled.
src/services/__tests__/unifiedWebSocketService.test.ts(201,47): error TS2345: Argument of type '"PLAYER_JOINED"' is not assignable to parameter of type 'RealtimeEventType | "ALL"'.
src/services/__tests__/unifiedWebSocketService.test.ts(246,27): error TS2345: Argument of type '"PLAYER_JOINED"' is not assignable to parameter of type 'RealtimeEventType | "ALL"'.
src/services/__tests__/unifiedWebSocketService.test.ts(285,27): error TS2532: Object is possibly 'undefined'.
src/services/conflictResolver.ts(2,14): error TS2305: Module '"@/types/game"' has no exported member 'GameStateResponse'.
src/services/enhancedWebSocketService.ts(6,17): error TS1484: 'IMessage' is a type and must be imported using a type-only import when 'verbatimModuleSyntax' is enabled.
src/services/enhancedWebSocketService.ts(102,11): error TS6133: 'reconnectDelay' is declared but its value is never read.
src/services/enhancedWebSocketService.ts(107,11): error TS6133: 'lastHeartbeatSent' is declared but its value is never read.
src/services/enhancedWebSocketService.ts(341,7): error TS2322: Type 'number | null' is not assignable to type 'number | undefined'.
  Type 'null' is not assignable to type 'number | undefined'.
src/services/enhancedWebSocketService.ts(344,7): error TS2322: Type 'string | number | null' is not assignable to type 'string | number | undefined'.
  Type 'null' is not assignable to type 'string | number | undefined'.
src/services/enhancedWebSocketService.ts(964,7): error TS2322: Type 'string | number | null' is not assignable to type 'string | number | undefined'.
  Type 'null' is not assignable to type 'string | number | undefined'.
src/services/enhancedWebSocketService.ts(1062,11): error TS6133: 'loadPersistedQueue' is declared but its value is never read.
src/services/enhancedWebSocketService.ts(1260,70): error TS2345: Argument of type 'string | null' is not assignable to parameter of type 'string | undefined'.
  Type 'null' is not assignable to type 'string | undefined'.
src/services/gameInitializationService.ts(41,40): error TS2345: Argument of type 'import("D:/workspaces/kotlin_liargame/frontend/src/types/api").GameStateResponse' is not assignable to parameter of type 'import("D:/workspaces/kotlin_liargame/frontend/src/types/backendTypes").GameStateResponse'.
  Types of property 'players' are incompatible.
    Type 'PlayerResponse[]' is not assignable to type 'BackendPlayer[]'.
      Type 'PlayerResponse' is not assignable to type 'BackendPlayer'.
        Types of property 'state' are incompatible.
          Type 'string' is not assignable to type 'PlayerState'.
src/services/gameInitializationService.ts(57,19): error TS2339: Property 'topic' does not exist on type 'GameStateResponse'.
src/services/gameInitializationService.ts(97,46): error TS2345: Argument of type 'import("D:/workspaces/kotlin_liargame/frontend/src/types/api").GameStateResponse' is not assignable to parameter of type 'import("D:/workspaces/kotlin_liargame/frontend/src/types/backendTypes").GameStateResponse'.
  Types of property 'players' are incompatible.
    Type 'PlayerResponse[]' is not assignable to type 'BackendPlayer[]'.
      Type 'PlayerResponse' is not assignable to type 'BackendPlayer'.
        Types of property 'state' are incompatible.
          Type 'string' is not assignable to type 'PlayerState'.
src/services/gameServiceEnhanced.ts(42,5): error TS2322: Type 'unknown' is not assignable to type '{ success: boolean; userId?: number | undefined; nickname?: string | undefined; }'.
src/services/gameServiceEnhanced.ts(47,5): error TS2322: Type 'unknown' is not assignable to type '{ success: boolean; }'.
src/services/gameServiceEnhanced.ts(57,5): error TS2322: Type 'unknown' is not assignable to type '{ success: boolean; userId?: number | undefined; nickname?: string | undefined; message?: string | undefined; }'.
src/services/gameServiceEnhanced.ts(95,5): error TS2322: Type 'unknown' is not assignable to type '{ gameNumber: number; gameState: string; defense: any; player: any; timestamp: string; }'.
src/services/gameServiceEnhanced.ts(261,5): error TS2322: Type 'unknown' is not assignable to type '{ gameRooms: { gameNumber: number; gameOwner: string; gameState: string; gameParticipants: number; currentPlayerCount: number; gameLiarCount: number; gameTotalRounds: number; gameMode: string; createdAt: string; subjects: string[]; }[]; }'.
src/services/gameServiceEnhanced.ts(282,5): error TS2322: Type 'unknown' is not assignable to type '{ gameNumber: number; winningTeam: "CITIZENS" | "LIARS"; players: { id: number; nickname: string; role: "CITIZEN" | "LIAR"; isAlive: boolean; isWinner: boolean; }[]; gameStatistics: { totalRounds: number; currentRound: number; totalDuration: number; averageRoundDuration: number; }; }'.
src/services/messageHandlers.ts(36,51): error TS2345: Argument of type '{}' is not assignable to parameter of type 'GameStateResponse'.
  Type '{}' is missing the following properties from type 'GameStateResponse': gameNumber, gameName, gameOwner, gameState, and 13 more.
src/services/realtimeService.ts(38,11): error TS6133: 'sessionId' is declared but its value is never read.
src/services/realtimeService.ts(171,11): error TS2322: Type '"GAME_STATE_UPDATE"' is not assignable to type 'RealtimeEventType'.
src/services/realtimeService.ts(208,13): error TS2322: Type '"PERSONAL_NOTIFICATION"' is not assignable to type 'RealtimeEventType'.
src/services/reconnectionStrategy.ts(11,15): error TS1294: This syntax is not allowed when 'erasableSyntaxOnly' is enabled.
src/services/stateSync.ts(11,11): error TS6133: 'lastServerStateVersion' is declared but its value is never read.
src/services/stateSync.ts(15,22): error TS2339: Property 'registerRawListener' does not exist on type 'WebSocketService'.
src/services/stateSync.ts(15,42): error TS7006: Parameter 'raw' implicitly has an 'any' type.
src/services/stateSync.ts(35,42): error TS2339: Property 'gameState' does not exist on type '{}'.
src/services/timerService.ts(12,21): error TS6133: 'phase' is declared but its value is never read.
src/services/websocketService.ts(114,23): error TS2339: Property 'activate' does not exist on type 'never'.
src/services/websocketService.ts(769,11): error TS6133: 'handlePingPong' is declared but its value is never read.
src/stores/adminStore.ts(134,37): error TS2339: Property 'nickname' does not exist on type 'APIResponse<AdminLoginResponse>'.
src/stores/adminStore.ts(161,13): error TS2740: Type 'APIResponse<GameStatistics>' is missing the following properties from type 'GameStatistics': totalGames, activeGames, totalPlayers, onlinePlayers, and 2 more.
src/stores/adminStore.ts(180,13): error TS2740: Type 'APIResponse<ActiveGame[]>' is missing the following properties from type 'ActiveGame[]': length, pop, push, concat, and 29 more.
src/stores/adminStore.ts(235,13): error TS2740: Type 'APIResponse<PlayerInfo[]>' is missing the following properties from type 'PlayerInfo[]': length, pop, push, concat, and 29 more.
src/stores/adminStore.ts(271,13): error TS2740: Type 'APIResponse<ProfanityRequest[]>' is missing the following properties from type 'ProfanityRequest[]': length, pop, push, concat, and 29 more.
src/stores/adminStore.ts(328,13): error TS2740: Type 'APIResponse<PendingContent[]>' is missing the following properties from type 'PendingContent[]': length, pop, push, concat, and 29 more.
src/stores/adminStore.ts(367,41): error TS2339: Property 'cleanedGames' does not exist on type 'APIResponse<{ success: boolean; cleanedGames: number; message: string; }>'.
src/stores/adminStore.ts(367,71): error TS2339: Property 'message' does not exist on type 'APIResponse<{ success: boolean; cleanedGames: number; message: string; }>'.
src/stores/adminStore.ts(385,43): error TS2339: Property 'cleanedPlayers' does not exist on type 'APIResponse<{ success: boolean; cleanedPlayers: number; }>'.
src/stores/adminStore.ts(403,41): error TS2339: Property 'cleanedGames' does not exist on type 'APIResponse<{ success: boolean; cleanedGames: number; message: string; }>'.
src/stores/adminStore.ts(403,71): error TS2339: Property 'message' does not exist on type 'APIResponse<{ success: boolean; cleanedGames: number; message: string; }>'.
src/stores/connectionStore.ts(56,32): error TS2339: Property 'processQueue' does not exist on type 'WebSocketService'.
src/stores/connectionStore.ts(61,28): error TS2339: Property 'registerRawListener' does not exist on type 'WebSocketService'.
src/stores/connectionStore.ts(61,48): error TS7006: Parameter 'raw' implicitly has an 'any' type.
src/stores/connectionStore.ts(83,13): error TS2578: Unused '@ts-expect-error' directive.
src/stores/gameStore.ts(4,14): error TS2305: Module '"../types/realtime"' has no exported member 'ChatCallback'.
src/stores/gameStore.ts(4,28): error TS2305: Module '"../types/realtime"' has no exported member 'ChatMessage'.
src/stores/gameStore.ts(4,41): error TS2305: Module '"../types/realtime"' has no exported member 'ConnectionCallback'.
src/stores/gameStore.ts(4,61): error TS2305: Module '"../types/realtime"' has no exported member 'EventCallback'.
src/stores/gameStore.ts(4,76): error TS2305: Module '"../types/realtime"' has no exported member 'GameEvent'.
src/stores/gameStore.ts(92,55): error TS7006: Parameter 'connected' implicitly has an 'any' type.
src/stores/gameStore.ts(101,49): error TS7006: Parameter 'event' implicitly has an 'any' type.
src/stores/gameStore.ts(105,50): error TS7006: Parameter 'message' implicitly has an 'any' type.
src/stores/gameStore.ts(181,34): error TS2304: Cannot find name 'useAuthStore'.
src/stores/gameStore.ts(189,55): error TS2345: Argument of type 'string' is not assignable to parameter of type 'number'.
src/stores/middleware/logger.ts(17,25): error TS2769: No overload matches this call.
  Overload 1 of 2, '(partial: T | Partial<T> | ((state: T) => T | Partial<T>), replace?: false | undefined): void', gave the following error.
    Argument of type 'boolean | undefined' is not assignable to parameter of type 'false | undefined'.
      Type 'true' is not assignable to type 'false'.
  Overload 2 of 2, '(state: T | ((state: T) => T), replace: true): void', gave the following error.
    Argument of type 'boolean | undefined' is not assignable to parameter of type 'true'.
      Type 'undefined' is not assignable to type 'true'.
src/stores/middleware/logger.ts(26,22): error TS2315: Type 'StoreMutatorIdentifier' is not generic.
src/stores/middleware/persistence.ts(15,3): error TS2322: Type 'StateCreator<T, [], [["zustand/persist", unknown]]>' is not assignable to type 'StateCreator<T>'.
  Type 'StateCreator<T, [], [["zustand/persist", unknown]]>' is not assignable to type '{ $$storeMutators?: [] | undefined; }'.
    Types of property '$$storeMutators' are incompatible.
      Type '[["zustand/persist", unknown]] | undefined' is not assignable to type '[] | undefined'.
        Type '[["zustand/persist", unknown]]' is not assignable to type '[]'.
          Source has 1 element(s) but target allows only 0.
src/stores/unifiedGameStore.ts(8,14): error TS2305: Module '"../types/realtime"' has no exported member 'ChatMessage'.
src/stores/unifiedGameStore.ts(543,9): error TS2322: Type '(gameData: import("D:/workspaces/kotlin_liargame/frontend/src/types/backendTypes").CreateGameRequest) => Promise<import("D:/workspaces/kotlin_liargame/frontend/src/types/api").GameStateResponse>' is not assignable to type '(gameData: import("D:/workspaces/kotlin_liargame/frontend/src/types/backendTypes").CreateGameRequest) => Promise<import("D:/workspaces/kotlin_liargame/frontend/src/types/backendTypes").GameStateResponse>'.
  Type 'Promise<import("D:/workspaces/kotlin_liargame/frontend/src/types/api").GameStateResponse>' is not assignable to type 'Promise<import("D:/workspaces/kotlin_liargame/frontend/src/types/backendTypes").GameStateResponse>'.
    Type 'import("D:/workspaces/kotlin_liargame/frontend/src/types/api").GameStateResponse' is not assignable to type 'import("D:/workspaces/kotlin_liargame/frontend/src/types/backendTypes").GameStateResponse'.
      Types of property 'players' are incompatible.
        Type 'PlayerResponse[]' is not assignable to type 'BackendPlayer[]'.
          Type 'PlayerResponse' is not assignable to type 'BackendPlayer'.
            Types of property 'state' are incompatible.
              Type 'string' is not assignable to type 'PlayerState'.
src/stores/unifiedGameStore.ts(551,15): error TS2322: Type 'import("D:/workspaces/kotlin_liargame/frontend/src/types/api").GameStateResponse' is not assignable to type 'import("D:/workspaces/kotlin_liargame/frontend/src/types/backendTypes").GameStateResponse'.
  Types of property 'players' are incompatible.
    Type 'PlayerResponse[]' is not assignable to type 'BackendPlayer[]'.
      Type 'PlayerResponse' is not assignable to type 'BackendPlayer'.
        Types of property 'state' are incompatible.
          Type 'string' is not assignable to type 'PlayerState'.
src/stores/unifiedGameStore.ts(555,39): error TS2345: Argument of type 'import("D:/workspaces/kotlin_liargame/frontend/src/types/api").GameStateResponse' is not assignable to parameter of type 'import("D:/workspaces/kotlin_liargame/frontend/src/types/backendTypes").GameStateResponse'.
  Types of property 'players' are incompatible.
    Type 'PlayerResponse[]' is not assignable to type 'BackendPlayer[]'.
      Type 'PlayerResponse' is not assignable to type 'BackendPlayer'.
        Types of property 'state' are incompatible.
          Type 'string' is not assignable to type 'PlayerState'.
src/stores/unifiedGameStore.ts(564,9): error TS2322: Type '(joinData: import("D:/workspaces/kotlin_liargame/frontend/src/types/api").JoinGameRequest) => Promise<import("D:/workspaces/kotlin_liargame/frontend/src/types/api").GameStateResponse>' is not assignable to type '(joinData: import("D:/workspaces/kotlin_liargame/frontend/src/types/api").JoinGameRequest) => Promise<import("D:/workspaces/kotlin_liargame/frontend/src/types/backendTypes").GameStateResponse>'.
  Type 'Promise<import("D:/workspaces/kotlin_liargame/frontend/src/types/api").GameStateResponse>' is not assignable to type 'Promise<import("D:/workspaces/kotlin_liargame/frontend/src/types/backendTypes").GameStateResponse>'.
    Type 'import("D:/workspaces/kotlin_liargame/frontend/src/types/api").GameStateResponse' is not assignable to type 'import("D:/workspaces/kotlin_liargame/frontend/src/types/backendTypes").GameStateResponse'.
      Types of property 'players' are incompatible.
        Type 'PlayerResponse[]' is not assignable to type 'BackendPlayer[]'.
          Type 'PlayerResponse' is not assignable to type 'BackendPlayer'.
            Types of property 'state' are incompatible.
              Type 'string' is not assignable to type 'PlayerState'.
src/stores/unifiedGameStore.ts(575,15): error TS2322: Type 'import("D:/workspaces/kotlin_liargame/frontend/src/types/api").GameStateResponse' is not assignable to type 'import("D:/workspaces/kotlin_liargame/frontend/src/types/backendTypes").GameStateResponse'.
  Types of property 'players' are incompatible.
    Type 'PlayerResponse[]' is not assignable to type 'BackendPlayer[]'.
      Type 'PlayerResponse' is not assignable to type 'BackendPlayer'.
        Types of property 'state' are incompatible.
          Type 'string' is not assignable to type 'PlayerState'.
src/stores/unifiedGameStore.ts(579,39): error TS2345: Argument of type 'import("D:/workspaces/kotlin_liargame/frontend/src/types/api").GameStateResponse' is not assignable to parameter of type 'import("D:/workspaces/kotlin_liargame/frontend/src/types/backendTypes").GameStateResponse'.
  Types of property 'players' are incompatible.
    Type 'PlayerResponse[]' is not assignable to type 'BackendPlayer[]'.
      Type 'PlayerResponse' is not assignable to type 'BackendPlayer'.
        Types of property 'state' are incompatible.
          Type 'string' is not assignable to type 'PlayerState'.
src/stores/unifiedGameStore.ts(611,37): error TS2322: Type 'import("D:/workspaces/kotlin_liargame/frontend/src/types/api").GameStateResponse' is not assignable to type 'import("D:/workspaces/kotlin_liargame/frontend/src/types/backendTypes").GameStateResponse'.
  Types of property 'players' are incompatible.
    Type 'PlayerResponse[]' is not assignable to type 'BackendPlayer[]'.
      Type 'PlayerResponse' is not assignable to type 'BackendPlayer'.
        Types of property 'state' are incompatible.
          Type 'string' is not assignable to type 'PlayerState'.
src/stores/unifiedGameStore.ts(612,39): error TS2345: Argument of type 'import("D:/workspaces/kotlin_liargame/frontend/src/types/api").GameStateResponse' is not assignable to parameter of type 'import("D:/workspaces/kotlin_liargame/frontend/src/types/backendTypes").GameStateResponse'.
  Types of property 'players' are incompatible.
    Type 'PlayerResponse[]' is not assignable to type 'BackendPlayer[]'.
      Type 'PlayerResponse' is not assignable to type 'BackendPlayer'.
        Types of property 'state' are incompatible.
          Type 'string' is not assignable to type 'PlayerState'.
src/stores/unifiedGameStore.ts(627,37): error TS2740: Type 'PlayerReadyResponse' is missing the following properties from type 'GameStateResponse': gameNumber, gameName, gameOwner, gameState, and 13 more.
src/stores/unifiedGameStore.ts(628,39): error TS2345: Argument of type 'PlayerReadyResponse' is not assignable to parameter of type 'GameStateResponse'.
  Type 'PlayerReadyResponse' is missing the following properties from type 'GameStateResponse': gameNumber, gameName, gameOwner, gameState, and 13 more.
src/stores/unifiedGameStore.ts(642,19): error TS2322: Type 'import("D:/workspaces/kotlin_liargame/frontend/src/types/api").GameStateResponse' is not assignable to type 'import("D:/workspaces/kotlin_liargame/frontend/src/types/backendTypes").GameStateResponse'.
  Types of property 'players' are incompatible.
    Type 'PlayerResponse[]' is not assignable to type 'BackendPlayer[]'.
      Type 'PlayerResponse' is not assignable to type 'BackendPlayer'.
        Types of property 'state' are incompatible.
          Type 'string' is not assignable to type 'PlayerState'.
src/stores/unifiedGameStore.ts(643,39): error TS2345: Argument of type 'import("D:/workspaces/kotlin_liargame/frontend/src/types/api").GameStateResponse' is not assignable to parameter of type 'import("D:/workspaces/kotlin_liargame/frontend/src/types/backendTypes").GameStateResponse'.
  Types of property 'players' are incompatible.
    Type 'PlayerResponse[]' is not assignable to type 'BackendPlayer[]'.
      Type 'PlayerResponse' is not assignable to type 'BackendPlayer'.
        Types of property 'state' are incompatible.
          Type 'string' is not assignable to type 'PlayerState'.
src/stores/unifiedGameStore.ts(657,23): error TS2339: Property 'isHost' does not exist on type 'BackendPlayer'.
src/stores/unifiedGameStore.ts(658,24): error TS2339: Property 'isReady' does not exist on type 'BackendPlayer'.
src/stores/unifiedGameStore.ts(659,28): error TS2339: Property 'isOnline' does not exist on type 'BackendPlayer'.
src/types/game.ts(40,10): error TS2304: Cannot find name 'GamePhase'.
src/types/game.ts(60,10): error TS2304: Cannot find name 'GamePhase'.
src/utils/__tests__/timeSync.test.ts(36,75): error TS2353: Object literal may only specify known properties, and 'correctVoters' does not exist in type 'BaseOptions'.
src/utils/apiResponseHandler.ts(69,7): error TS2322: Type 'APIResponse<null>' is not assignable to type 'APIResponse<T>'.
  Type 'null' is not assignable to type 'T'.
    'T' could be instantiated with an arbitrary type which could be unrelated to 'null'.
src/utils/apiResponseHandler.ts(88,9): error TS2322: Type 'APIResponse<null>' is not assignable to type 'APIResponse<T>'.
  Type 'null' is not assignable to type 'T'.
    'T' could be instantiated with an arbitrary type which could be unrelated to 'null'.
src/utils/apiResponseHandler.ts(93,7): error TS2322: Type 'APIResponse<null>' is not assignable to type 'APIResponse<T>'.
  Type 'null' is not assignable to type 'T'.
    'T' could be instantiated with an arbitrary type which could be unrelated to 'null'.
src/utils/apiResponseHandler.ts(129,14): error TS2352: Conversion of type 'APIResponse<T>' to type 'APIResponse<U>' may be a mistake because neither type sufficiently overlaps with the other. If this was intentional, convert the expression to 'unknown' first.
  Type 'T' is not comparable to type 'U'.
    'U' could be instantiated with an arbitrary type which could be unrelated to 'T'.
src/utils/apiResponseHandler.ts(136,7): error TS2322: Type 'APIResponse<null>' is not assignable to type 'APIResponse<U>'.
  Type 'null' is not assignable to type 'U'.
    'U' could be instantiated with an arbitrary type which could be unrelated to 'null'.
src/utils/apiResponseHandler.ts(148,14): error TS2352: Conversion of type 'APIResponse<T>' to type 'APIResponse<U>' may be a mistake because neither type sufficiently overlaps with the other. If this was intentional, convert the expression to 'unknown' first.
  Type 'T' is not comparable to type 'U'.
    'U' could be instantiated with an arbitrary type which could be unrelated to 'T'.
src/utils/apiResponseHandler.ts(174,7): error TS2322: Type 'APIResponse<null>' is not assignable to type 'APIResponse<{ [K in keyof T]: T[K] extends APIResponse<infer U> ? U : never; }>'.
  Type 'null' is not assignable to type '{ [K in keyof T]: T[K] extends APIResponse<infer U> ? U : never; }'.
src/utils/apiResponseHandler.ts(230,9): error TS2322: Type 'APIResponse<null>' is not assignable to type 'APIResponse<T>'.
  Type 'null' is not assignable to type 'T'.
    'T' could be instantiated with an arbitrary type which could be unrelated to 'null'.
src/utils/errorHandling.ts(4,13): error TS1294: This syntax is not allowed when 'erasableSyntaxOnly' is enabled.
src/utils/mobileOptimizations.ts(19,3): error TS2578: Unused '@ts-expect-error' directive.
src/utils/mobileOptimizations.ts(23,5): error TS2578: Unused '@ts-expect-error' directive.
src/utils/performance.ts(144,58): error TS2339: Property 'navigationStart' does not exist on type 'PerformanceNavigationTiming'.
src/utils/performance.ts(145,60): error TS2339: Property 'navigationStart' does not exist on type 'PerformanceNavigationTiming'.
src/utils/performance.ts(195,32): error TS2339: Property 'processingStart' does not exist on type 'PerformanceEntry'.
src/utils/typeConverter.ts(13,5): error TS2353: Object literal may only specify known properties, and 'role' does not exist in type 'FrontendPlayer'.
src/versions/main/pages/GamePage.tsx(46,31): error TS2345: Argument of type 'import("D:/workspaces/kotlin_liargame/frontend/src/types/api").GameStateResponse' is not assignable to parameter of type 'import("D:/workspaces/kotlin_liargame/frontend/src/types/backendTypes").GameStateResponse'.
  Types of property 'players' are incompatible.
    Type 'PlayerResponse[]' is not assignable to type 'BackendPlayer[]'.
      Type 'PlayerResponse' is not assignable to type 'BackendPlayer'.
        Types of property 'state' are incompatible.
          Type 'string' is not assignable to type 'PlayerState'.
src/versions/main/pages/GamePageV2.tsx(45,29): error TS2345: Argument of type 'import("D:/workspaces/kotlin_liargame/frontend/src/types/api").GameStateResponse' is not assignable to parameter of type 'import("D:/workspaces/kotlin_liargame/frontend/src/types/backendTypes").GameStateResponse'.
  Types of property 'players' are incompatible.
    Type 'PlayerResponse[]' is not assignable to type 'BackendPlayer[]'.
      Type 'PlayerResponse' is not assignable to type 'BackendPlayer'.
        Types of property 'state' are incompatible.
          Type 'string' is not assignable to type 'PlayerState'.
src/versions/main/pages/GamePageV2.tsx(58,23): error TS2339: Property 'currentSubject' does not exist on type 'GameStateResponse'.
src/versions/main/pages/HomePage.tsx(99,9): error TS2353: Object literal may only specify known properties, and 'maxPlayers' does not exist in type 'CreateGameRequest'.
src/versions/main/pages/HomePage.tsx(105,52): error TS18046: 'result' is of type 'unknown'.
src/versions/main/pages/HomePage.tsx(105,81): error TS18046: 'result' is of type 'unknown'.
src/versions/main/pages/HomePage.tsx(109,39): error TS18046: 'result' is of type 'unknown'.
src/versions/main/pages/ResultsPage.tsx(107,47): error TS18047: 'gameResults' is possibly 'null'.
src/versions/main/pages/ResultsPage.tsx(107,75): error TS18047: 'gameResults' is possibly 'null'.
